[maxmarine.ru/en/index.html]
[maxmarine.ru/en/favicon.ico]
[backblue.gif]
[fade.gif]
[index.html]
[cdnjs.cloudflare.com/ajax/libs/fotorama/4.6.4/fotorama.css]
[maxmarine.ru/assets/css/styles.css]
[www.google-analytics.com/analytics.js]
[maxmarine.ru/assets/images/experts/max.png]
[maxmarine.ru/assets/images/experts/georgy.png]
[maxmarine.ru/assets/images/experts/barry.png]
[maxmarine.ru/assets/images/experts/ekaterina.png]
[maxmarine.ru/assets/images/experts/yuriy.png]
[maxmarine.ru/assets/images/experts/julia.png]
[maxmarine.ru/assets/js/jquery-2.1.4.min.js]
[maxmarine.ru/assets/js/less.min.js]
[maxmarine.ru/assets/js/jquery.fullpage.js]
[maxmarine.ru/assets/js/jquery.slimscroll.js]
[maxmarine.ru/assets/js/covervid.js]
[maxmarine.ru/en/index.html]
[maxmarine.ru/assets/js/main.js]
[cdnjs.cloudflare.com/ajax/libs/fotorama/4.6.4/fotorama.js]
[cdnjs.cloudflare.com/ajax/libs/fotorama/4.6.4/fotorama.png]
[cdnjs.cloudflare.com/ajax/libs/fotorama/4.6.4/fotorama@2x.png]
[cdnjs.cloudflare.com/ajax/libs/fotorama/4.6.4/fotorama.css]
[maxmarine.ru/assets/images/intro/5med.jpg]
[maxmarine.ru/assets/images/intro/4med.jpg]
[maxmarine.ru/assets/images/intro/3med.jpg]
[maxmarine.ru/assets/images/intro/2med.jpg]
[maxmarine.ru/assets/images/intro/1med.jpg]
[maxmarine.ru/assets/images/service_bg.jpg]
[maxmarine.ru/assets/images/contact_bg.jpg]
[maxmarine.ru/assets/css/styles.css]
[maxmarine.ru/assets/css/en.css]
[maxmarine.ru/assets/images/experts/max.png]
[maxmarine.ru/assets/images/experts/georgy.png]
[maxmarine.ru/assets/js/jquery-2.1.4.min.js]
[maxmarine.ru/assets/js/less.min.js]
[maxmarine.ru/assets/js/jquery.fullpage.js]
[maxmarine.ru/assets/js/jquery.slimscroll.js]
[maxmarine.ru/assets/js/covervid.js]
[maxmarine.ru/assets/js/main.js]
[maxmarine.ru/en/promise/polyfill.html]
[maxmarine.ru/less/environment/abstract-file-manager.html]
[maxmarine.ru/en/GET.html]
[maxmarine.ru/en/math-helper.html]
[maxmarine.ru/en/core.html]
[maxmarine.ru/en/lib/core.html]
[maxmarine.ru/en/lib/es6-extensions.html]
[maxmarine.ru/en/polyfill-done.html]
[maxmarine.ru/en/mail49de.html]
